// Jest Snapshot v1, https://goo.gl/fbAQLP

exports[`Checkbox render basic Checkbox 1`] = `
<input
  class="input"
  id="input-:r0:"
  type="checkbox"
/>
`;
